============================= test session starts =============================
platform win32 -- Python 3.13.7, pytest-9.0.1, pluggy-1.6.0
rootdir: C:\SmartQ\ten-days-of-voice-agents-2025\backend
configfile: pyproject.toml
plugins: anyio-4.11.0
collected 0 items / 1 error

=================================== ERRORS ====================================
______________________ ERROR collecting tests/test_db.py ______________________
ImportError while importing test module 'C:\SmartQ\ten-days-of-voice-agents-2025\backend\tests\test_db.py'.
Hint: make sure your test modules/packages have valid Python names.
Traceback:
C:\Python313\Lib\importlib\__init__.py:88: in import_module
    return _bootstrap._gcd_import(name[level:], package, level)
           ^^^^^^^^^^^^^^^^^^^^^^^^^^^^^^^^^^^^^^^^^^^^^^^^^^^^
tests\test_db.py:5: in <module>
    from backend.src.db import Database
E   ModuleNotFoundError: No module named 'backend'
============================== warnings summary ===============================
..\.venv_new\Lib\site-packages\_pytest\config\__init__.py:1397
  C:\SmartQ\ten-days-of-voice-agents-2025\.venv_new\Lib\site-packages\_pytest\config\__init__.py:1397: PytestConfigWarning: Unknown config option: asyncio_default_fixture_loop_scope
  
    self._warn_or_fail_if_strict(f"Unknown config option: {key}\n")

..\.venv_new\Lib\site-packages\_pytest\config\__init__.py:1397
  C:\SmartQ\ten-days-of-voice-agents-2025\.venv_new\Lib\site-packages\_pytest\config\__init__.py:1397: PytestConfigWarning: Unknown config option: asyncio_mode
  
    self._warn_or_fail_if_strict(f"Unknown config option: {key}\n")

-- Docs: https://docs.pytest.org/en/stable/how-to/capture-warnings.html
=========================== short test summary info ===========================
ERROR tests/test_db.py
!!!!!!!!!!!!!!!!!!! Interrupted: 1 error during collection !!!!!!!!!!!!!!!!!!!!
======================== 2 warnings, 1 error in 0.21s =========================
